// Jest Snapshot v1, https://goo.gl/fbAQLP

exports[`<ChartPie /> Should format ToolTip correctly 1`] = `
<p>
  Method: 
  XD
  <br />
  Algortihms: 
  10
</p>
`;

exports[`<ChartPie /> renders correctly 1`] = `
<div
  className="card-chart card-chart-small"
  style={
    Object {
      "backgroundColor": "#606060",
      "boxShadow": "2px 2px 2px black",
      "color": "white",
      "height": undefined,
    }
  }
>
  <p>
     Algorithms by method of sorting
  </p>
  <hr />
  <ResponsiveContainer
    debounce={0}
    height="100%"
    width="100%"
  >
    <PieChart
      barCategoryGap="10%"
      barGap={4}
      cx="50%"
      cy="50%"
      endAngle={360}
      innerRadius={0}
      layout="centric"
      margin={
        Object {
          "bottom": 5,
          "left": 5,
          "right": 5,
          "top": 5,
        }
      }
      outerRadius="80%"
      reverseStackOrder={false}
      stackOffset="none"
      startAngle={0}
      syncMethod="index"
    >
      <Pie
        animationBegin={400}
        animationDuration={1500}
        animationEasing="ease"
        blendStroke={false}
        cx="50%"
        cy="50%"
        data={
          Array [
            Object {
              "description": "Bubble sort, sometimes referred to as sinking sort, is a simple sorting algorithm",
              "id": 0,
              "method": "Exchanging",
              "name": "Bubble Sort",
              "sortingTime": Object {
                "average": 0,
                "best": 0,
                "worst": 0,
              },
            },
            Object {
              "description": "Quicksort is a divide-and-conquer algorithm.",
              "id": 1,
              "method": "Partitioning",
              "name": "Quick Sort",
              "sortingTime": Object {
                "average": 0,
                "best": 0,
                "worst": 0,
              },
            },
          ]
        }
        dataKey="value"
        endAngle={360}
        fill="#808080"
        hide={false}
        innerRadius={80}
        isAnimationActive={true}
        label={true}
        labelLine={true}
        legendType="rect"
        minAngle={0}
        nameKey="name"
        outerRadius={100}
        paddingAngle={0}
        startAngle={0}
        stroke="#fff"
      >
        <Cell
          fill="#33D69F"
          key="cell-0"
        />
        <Cell
          fill="#6F52ED"
          key="cell-1"
        />
        <LabelList
          dataKey="method"
          position="insideEnd"
          valueAccessor={[Function]}
        />
      </Pie>
      <Legend
        align="center"
        iconSize={60}
        iconType="plainline"
        layout="horizontal"
        verticalAlign="bottom"
      />
      <Tooltip
        active={false}
        allowEscapeViewBox={
          Object {
            "x": false,
            "y": false,
          }
        }
        animationDuration={400}
        animationEasing="ease"
        contentStyle={Object {}}
        coordinate={
          Object {
            "x": 0,
            "y": 0,
          }
        }
        cursor={true}
        cursorStyle={Object {}}
        filterNull={true}
        formatter={[Function]}
        isAnimationActive={true}
        itemStyle={Object {}}
        labelStyle={Object {}}
        offset={10}
        separator=" : "
        trigger="hover"
        useTranslate3d={false}
        viewBox={
          Object {
            "x1": 0,
            "x2": 0,
            "y1": 0,
            "y2": 0,
          }
        }
        wrapperStyle={Object {}}
      />
    </PieChart>
  </ResponsiveContainer>
</div>
`;
